分类: 📺央视频道, 名称: CCTV-1, 有效: 0, IPv4: 1, IPv6: 0, 最小延迟: -1 ms, 最高速率: 0.00 M/s, 平均速率: 0.00 M/s, 最高分辨率: None
分类: 📺央视频道, 名称: CCTV-4, 有效: 0, IPv4: 1, IPv6: 0, 最小延迟: 546 ms, 最高速率: 0.07 M/s, 平均速率: 0.00 M/s, 最高分辨率: 1920x1080
分类: 📺央视频道, 名称: CCTV-5+, 有效: 0, IPv4: 1, IPv6: 0, 最小延迟: 1354 ms, 最高速率: 0.02 M/s, 平均速率: 0.00 M/s, 最高分辨率: 1920x1080
分类: 📺央视频道, 名称: CCTV-5, 有效: 0, IPv4: 1, IPv6: 0, 最小延迟: 586 ms, 最高速率: 0.05 M/s, 平均速率: 0.00 M/s, 最高分辨率: 1920x1080
分类: 📺央视频道, 名称: CCTV-3, 有效: 0, IPv4: 1, IPv6: 0, 最小延迟: 1477 ms, 最高速率: 0.08 M/s, 平均速率: 0.00 M/s, 最高分辨率: 1920x1080
分类: 📺央视频道, 名称: CCTV-8, 有效: 0, IPv4: 1, IPv6: 0, 最小延迟: 584 ms, 最高速率: 0.07 M/s, 平均速率: 0.00 M/s, 最高分辨率: 1920x1080
分类: 📺央视频道, 名称: CCTV-2, 有效: 0, IPv4: 1, IPv6: 0, 最小延迟: 565 ms, 最高速率: 0.03 M/s, 平均速率: 0.00 M/s, 最高分辨率: 1920x1080
分类: 📺央视频道, 名称: CCTV-9, 有效: 0, IPv4: 1, IPv6: 0, 最小延迟: 557 ms, 最高速率: 0.05 M/s, 平均速率: 0.00 M/s, 最高分辨率: 1920x1080
分类: 📺央视频道, 名称: CCTV-7, 有效: 0, IPv4: 1, IPv6: 0, 最小延迟: 557 ms, 最高速率: 0.04 M/s, 平均速率: 0.00 M/s, 最高分辨率: 1920x1080
分类: 📺央视频道, 名称: CCTV-10, 有效: 0, IPv4: 1, IPv6: 0, 最小延迟: 595 ms, 最高速率: 0.01 M/s, 平均速率: 0.00 M/s, 最高分辨率: 1920x1080
分类: 📺央视频道, 名称: CCTV-6, 有效: 0, IPv4: 1, IPv6: 0, 最小延迟: 577 ms, 最高速率: 0.02 M/s, 平均速率: 0.00 M/s, 最高分辨率: 1920x1080
分类: 📺央视频道, 名称: CCTV-12, 有效: 0, IPv4: 1, IPv6: 0, 最小延迟: 587 ms, 最高速率: 0.08 M/s, 平均速率: 0.00 M/s, 最高分辨率: 1920x1080
分类: 📺央视频道, 名称: CCTV-13, 有效: 0, IPv4: 1, IPv6: 0, 最小延迟: 522 ms, 最高速率: 0.11 M/s, 平均速率: 0.00 M/s, 最高分辨率: 1920x1080
分类: 📺央视频道, 名称: CCTV-14, 有效: 0, IPv4: 1, IPv6: 0, 最小延迟: 1318 ms, 最高速率: 0.00 M/s, 平均速率: 0.00 M/s, 最高分辨率: 1920x1080
分类: 📺央视频道, 名称: CCTV-11, 有效: 0, IPv4: 1, IPv6: 0, 最小延迟: -1 ms, 最高速率: 0.00 M/s, 平均速率: 0.00 M/s, 最高分辨率: 1920x1080
分类: 📺央视频道, 名称: CCTV-17, 有效: 0, IPv4: 1, IPv6: 0, 最小延迟: 584 ms, 最高速率: 0.08 M/s, 平均速率: 0.00 M/s, 最高分辨率: 1920x1080
分类: 📺央视频道, 名称: CETV-4, 有效: 0, IPv4: 1, IPv6: 0, 最小延迟: 559 ms, 最高速率: 0.13 M/s, 平均速率: 0.00 M/s, 最高分辨率: 1920x1080
分类: 📺央视频道, 名称: CETV-1, 有效: 0, IPv4: 1, IPv6: 0, 最小延迟: 2582 ms, 最高速率: 0.04 M/s, 平均速率: 0.00 M/s, 最高分辨率: 1920x1080
分类: 📺央视频道, 名称: CCTV-15, 有效: 0, IPv4: 1, IPv6: 0, 最小延迟: 541 ms, 最高速率: 0.06 M/s, 平均速率: 0.00 M/s, 最高分辨率: 1920x1080
分类: 📺央视频道, 名称: CGTNHD, 有效: 0, IPv4: 1, IPv6: 0, 最小延迟: 550 ms, 最高速率: 0.05 M/s, 平均速率: 0.00 M/s, 最高分辨率: 1920x1080
分类: 📺央视频道, 名称: CCTV-16, 有效: 0, IPv4: 1, IPv6: 0, 最小延迟: -1 ms, 最高速率: 0.00 M/s, 平均速率: 0.00 M/s, 最高分辨率: 1920x1080
分类: 📺央视频道, 名称: CGTN纪录HD, 有效: 0, IPv4: 1, IPv6: 0, 最小延迟: 557 ms, 最高速率: 0.05 M/s, 平均速率: 0.00 M/s, 最高分辨率: 1920x1080
分类: 📺央视频道, 名称: CGTN法语HD, 有效: 0, IPv4: 1, IPv6: 0, 最小延迟: 531 ms, 最高速率: 0.04 M/s, 平均速率: 0.00 M/s, 最高分辨率: 1920x1080
分类: 📺央视频道, 名称: CGTN西语HD, 有效: 0, IPv4: 1, IPv6: 0, 最小延迟: 556 ms, 最高速率: 0.04 M/s, 平均速率: 0.00 M/s, 最高分辨率: 1920x1080
分类: 📺央视频道, 名称: CHC家庭影院HD, 有效: 0, IPv4: 1, IPv6: 0, 最小延迟: 555 ms, 最高速率: 0.12 M/s, 平均速率: 0.00 M/s, 最高分辨率: 1920x1080
分类: 📺央视频道, 名称: CGTN阿语HD, 有效: 0, IPv4: 1, IPv6: 0, 最小延迟: 1574 ms, 最高速率: 0.04 M/s, 平均速率: 0.00 M/s, 最高分辨率: 1920x1080
分类: 📡卫视频道, 名称: 湖南卫视, 有效: 0, IPv4: 1, IPv6: 0, 最小延迟: -1 ms, 最高速率: 0.00 M/s, 平均速率: 0.00 M/s, 最高分辨率: None
分类: 📺央视频道, 名称: CHC动作电影HD, 有效: 0, IPv4: 1, IPv6: 0, 最小延迟: 832 ms, 最高速率: 0.03 M/s, 平均速率: 0.00 M/s, 最高分辨率: 1920x1080
分类: 📺央视频道, 名称: CHC影迷电影HD, 有效: 0, IPv4: 1, IPv6: 0, 最小延迟: 1548 ms, 最高速率: 0.08 M/s, 平均速率: 0.00 M/s, 最高分辨率: 1920x1080
分类: 📡卫视频道, 名称: 北京卫视, 有效: 0, IPv4: 1, IPv6: 0, 最小延迟: 545 ms, 最高速率: 0.07 M/s, 平均速率: 0.00 M/s, 最高分辨率: 1920x1080
分类: 📡卫视频道, 名称: 安徽卫视, 有效: 0, IPv4: 1, IPv6: 0, 最小延迟: -1 ms, 最高速率: 0.00 M/s, 平均速率: 0.00 M/s, 最高分辨率: 1920x1080
分类: 📡卫视频道, 名称: 重庆卫视, 有效: 0, IPv4: 1, IPv6: 0, 最小延迟: -1 ms, 最高速率: 0.00 M/s, 平均速率: 0.00 M/s, 最高分辨率: 1920x1080
分类: 📡卫视频道, 名称: 东方卫视, 有效: 0, IPv4: 1, IPv6: 0, 最小延迟: -1 ms, 最高速率: 0.00 M/s, 平均速率: 0.00 M/s, 最高分辨率: 1920x1080
分类: 📡卫视频道, 名称: 东南卫视, 有效: 0, IPv4: 1, IPv6: 0, 最小延迟: -1 ms, 最高速率: 0.00 M/s, 平均速率: 0.00 M/s, 最高分辨率: 1920x1080
分类: 📡卫视频道, 名称: 甘肃卫视, 有效: 0, IPv4: 1, IPv6: 0, 最小延迟: -1 ms, 最高速率: 0.00 M/s, 平均速率: 0.00 M/s, 最高分辨率: 1920x1080
分类: 📡卫视频道, 名称: 广西卫视, 有效: 0, IPv4: 1, IPv6: 0, 最小延迟: -1 ms, 最高速率: 0.00 M/s, 平均速率: 0.00 M/s, 最高分辨率: 1920x1080
分类: 📡卫视频道, 名称: 贵州卫视, 有效: 0, IPv4: 1, IPv6: 0, 最小延迟: -1 ms, 最高速率: 0.00 M/s, 平均速率: 0.00 M/s, 最高分辨率: 1920x1080
分类: 📡卫视频道, 名称: 广东卫视, 有效: 0, IPv4: 1, IPv6: 0, 最小延迟: -1 ms, 最高速率: 0.00 M/s, 平均速率: 0.00 M/s, 最高分辨率: 1920x1080
分类: 📡卫视频道, 名称: 浙江卫视, 有效: 0, IPv4: 1, IPv6: 0, 最小延迟: -1 ms, 最高速率: 0.00 M/s, 平均速率: 0.00 M/s, 最高分辨率: 1920x1080
分类: 📡卫视频道, 名称: 湖北卫视, 有效: 0, IPv4: 1, IPv6: 0, 最小延迟: -1 ms, 最高速率: 0.00 M/s, 平均速率: 0.00 M/s, 最高分辨率: 1920x1080
分类: 📡卫视频道, 名称: 吉林卫视, 有效: 0, IPv4: 1, IPv6: 0, 最小延迟: -1 ms, 最高速率: 0.00 M/s, 平均速率: 0.00 M/s, 最高分辨率: 1920x1080
分类: 📡卫视频道, 名称: 黑龙江卫视, 有效: 0, IPv4: 1, IPv6: 0, 最小延迟: -1 ms, 最高速率: 0.00 M/s, 平均速率: 0.00 M/s, 最高分辨率: 1920x1080
分类: 📡卫视频道, 名称: 江西卫视, 有效: 0, IPv4: 1, IPv6: 0, 最小延迟: -1 ms, 最高速率: 0.00 M/s, 平均速率: 0.00 M/s, 最高分辨率: 1920x1080
分类: 📡卫视频道, 名称: 辽宁卫视, 有效: 0, IPv4: 1, IPv6: 0, 最小延迟: -1 ms, 最高速率: 0.00 M/s, 平均速率: 0.00 M/s, 最高分辨率: 1920x1080
分类: 📡卫视频道, 名称: 海南卫视, 有效: 0, IPv4: 1, IPv6: 0, 最小延迟: -1 ms, 最高速率: 0.00 M/s, 平均速率: 0.00 M/s, 最高分辨率: 1920x1080
分类: 📡卫视频道, 名称: 宁夏卫视, 有效: 0, IPv4: 1, IPv6: 0, 最小延迟: -1 ms, 最高速率: 0.00 M/s, 平均速率: 0.00 M/s, 最高分辨率: 1920x1080
分类: 📡卫视频道, 名称: 河北卫视, 有效: 0, IPv4: 1, IPv6: 0, 最小延迟: -1 ms, 最高速率: 0.00 M/s, 平均速率: 0.00 M/s, 最高分辨率: 1920x1080
分类: 📡卫视频道, 名称: 山东卫视, 有效: 0, IPv4: 1, IPv6: 0, 最小延迟: -1 ms, 最高速率: 0.00 M/s, 平均速率: 0.00 M/s, 最高分辨率: 1920x1080
分类: 📡卫视频道, 名称: 河南卫视, 有效: 0, IPv4: 1, IPv6: 0, 最小延迟: -1 ms, 最高速率: 0.00 M/s, 平均速率: 0.00 M/s, 最高分辨率: 1920x1080
分类: 📡卫视频道, 名称: 江苏卫视, 有效: 0, IPv4: 1, IPv6: 0, 最小延迟: -1 ms, 最高速率: 0.00 M/s, 平均速率: 0.00 M/s, 最高分辨率: 1920x1080
分类: 📡卫视频道, 名称: 内蒙古卫视, 有效: 0, IPv4: 1, IPv6: 0, 最小延迟: -1 ms, 最高速率: 0.00 M/s, 平均速率: 0.00 M/s, 最高分辨率: None
分类: 📡卫视频道, 名称: 深圳卫视, 有效: 0, IPv4: 1, IPv6: 0, 最小延迟: -1 ms, 最高速率: 0.00 M/s, 平均速率: 0.00 M/s, 最高分辨率: 1920x1080
分类: 📡卫视频道, 名称: 四川卫视, 有效: 0, IPv4: 1, IPv6: 0, 最小延迟: 829 ms, 最高速率: 0.04 M/s, 平均速率: 0.00 M/s, 最高分辨率: 1920x1080
分类: 📡卫视频道, 名称: 青海卫视, 有效: 0, IPv4: 1, IPv6: 0, 最小延迟: -1 ms, 最高速率: 0.00 M/s, 平均速率: 0.00 M/s, 最高分辨率: 1920x1080
分类: 📡卫视频道, 名称: 西藏卫视, 有效: 0, IPv4: 1, IPv6: 0, 最小延迟: -1 ms, 最高速率: 0.00 M/s, 平均速率: 0.00 M/s, 最高分辨率: 1920x1080
分类: 📡卫视频道, 名称: 天津卫视, 有效: 0, IPv4: 1, IPv6: 0, 最小延迟: -1 ms, 最高速率: 0.00 M/s, 平均速率: 0.00 M/s, 最高分辨率: 1920x1080
分类: 📡卫视频道, 名称: 山西卫视, 有效: 0, IPv4: 1, IPv6: 0, 最小延迟: -1 ms, 最高速率: 0.00 M/s, 平均速率: 0.00 M/s, 最高分辨率: 1920x1080
分类: 📡卫视频道, 名称: 云南卫视, 有效: 0, IPv4: 1, IPv6: 0, 最小延迟: -1 ms, 最高速率: 0.00 M/s, 平均速率: 0.00 M/s, 最高分辨率: 1920x1080
分类: 📡卫视频道, 名称: 陕西卫视, 有效: 0, IPv4: 1, IPv6: 0, 最小延迟: -1 ms, 最高速率: 0.00 M/s, 平均速率: 0.00 M/s, 最高分辨率: 1920x1080
分类: ☘️高清频道, 名称: 兵团卫视HD, 有效: 0, IPv4: 1, IPv6: 0, 最小延迟: -1 ms, 最高速率: 0.00 M/s, 平均速率: 0.00 M/s, 最高分辨率: 1920x1080
分类: 📡卫视频道, 名称: 三沙卫视, 有效: 0, IPv4: 1, IPv6: 0, 最小延迟: -1 ms, 最高速率: 0.00 M/s, 平均速率: 0.00 M/s, 最高分辨率: 1920x1080
分类: ☘️高清频道, 名称: 安徽卫视HD, 有效: 0, IPv4: 1, IPv6: 0, 最小延迟: 566 ms, 最高速率: 0.07 M/s, 平均速率: 0.00 M/s, 最高分辨率: 1920x1080
分类: ☘️高清频道, 名称: 兵器科技HD, 有效: 0, IPv4: 1, IPv6: 0, 最小延迟: 542 ms, 最高速率: 0.05 M/s, 平均速率: 0.00 M/s, 最高分辨率: 1920x1080
分类: 📡卫视频道, 名称: 新疆卫视, 有效: 0, IPv4: 1, IPv6: 0, 最小延迟: -1 ms, 最高速率: 0.00 M/s, 平均速率: 0.00 M/s, 最高分辨率: 1920x1080
分类: ☘️高清频道, 名称: 东方卫视4K, 有效: 0, IPv4: 1, IPv6: 0, 最小延迟: -1 ms, 最高速率: 0.00 M/s, 平均速率: 0.00 M/s, 最高分辨率: None
分类: ☘️高清频道, 名称: 蔡甸综合HD, 有效: 0, IPv4: 1, IPv6: 0, 最小延迟: 555 ms, 最高速率: 0.28 M/s, 平均速率: 0.00 M/s, 最高分辨率: 1920x1080
分类: ☘️高清频道, 名称: 电视指南HD, 有效: 0, IPv4: 1, IPv6: 0, 最小延迟: 575 ms, 最高速率: 0.31 M/s, 平均速率: 0.00 M/s, 最高分辨率: 1920x1080
分类: ☘️高清频道, 名称: 东方财经HD, 有效: 0, IPv4: 1, IPv6: 0, 最小延迟: 837 ms, 最高速率: 0.05 M/s, 平均速率: 0.00 M/s, 最高分辨率: 1920x1080
分类: ☘️高清频道, 名称: 茶频道HD, 有效: 0, IPv4: 1, IPv6: 0, 最小延迟: -1 ms, 最高速率: 0.00 M/s, 平均速率: 0.00 M/s, 最高分辨率: 1920x1080
分类: ☘️高清频道, 名称: 东南卫视HD, 有效: 0, IPv4: 1, IPv6: 0, 最小延迟: 1545 ms, 最高速率: 0.05 M/s, 平均速率: 0.00 M/s, 最高分辨率: 1920x1080
分类: ☘️高清频道, 名称: 东方卫视HD, 有效: 0, IPv4: 1, IPv6: 0, 最小延迟: -1 ms, 最高速率: 0.00 M/s, 平均速率: 0.00 M/s, 最高分辨率: 1920x1080
分类: ☘️高清频道, 名称: 甘肃卫视HD, 有效: 0, IPv4: 1, IPv6: 0, 最小延迟: -1 ms, 最高速率: 0.00 M/s, 平均速率: 0.00 M/s, 最高分辨率: 1920x1080
分类: ☘️高清频道, 名称: 广东卫视4K, 有效: 0, IPv4: 1, IPv6: 0, 最小延迟: -1 ms, 最高速率: 0.00 M/s, 平均速率: 0.00 M/s, 最高分辨率: 3840x2160
分类: ☘️高清频道, 名称: 广东卫视HD, 有效: 0, IPv4: 1, IPv6: 0, 最小延迟: -1 ms, 最高速率: 0.00 M/s, 平均速率: 0.00 M/s, 最高分辨率: 1920x1080
分类: ☘️高清频道, 名称: 广西卫视HD, 有效: 0, IPv4: 1, IPv6: 0, 最小延迟: -1 ms, 最高速率: 0.00 M/s, 平均速率: 0.00 M/s, 最高分辨率: 1920x1080
分类: ☘️高清频道, 名称: 都市剧场HD, 有效: 0, IPv4: 1, IPv6: 0, 最小延迟: 576 ms, 最高速率: 0.05 M/s, 平均速率: 0.00 M/s, 最高分辨率: 1920x1080
分类: ☘️高清频道, 名称: 房县综合HD, 有效: 0, IPv4: 1, IPv6: 0, 最小延迟: 560 ms, 最高速率: 0.21 M/s, 平均速率: 0.00 M/s, 最高分辨率: 1920x1080
分类: ☘️高清频道, 名称: 河南卫视HD, 有效: 0, IPv4: 1, IPv6: 0, 最小延迟: -1 ms, 最高速率: 0.00 M/s, 平均速率: 0.00 M/s, 最高分辨率: 1920x1080
分类: ☘️高清频道, 名称: 法治天地HD, 有效: 0, IPv4: 1, IPv6: 0, 最小延迟: 533 ms, 最高速率: 0.11 M/s, 平均速率: 0.00 M/s, 最高分辨率: 1920x1080
分类: ☘️高清频道, 名称: 河北卫视HD, 有效: 0, IPv4: 1, IPv6: 0, 最小延迟: 623 ms, 最高速率: 0.06 M/s, 平均速率: 0.00 M/s, 最高分辨率: 1920x1080
分类: ☘️高清频道, 名称: 凤凰资讯台HD, 有效: 0, IPv4: 1, IPv6: 0, 最小延迟: 1601 ms, 最高速率: 0.03 M/s, 平均速率: 0.00 M/s, 最高分辨率: 1920x1080
分类: ☘️高清频道, 名称: 贵州卫视HD, 有效: 0, IPv4: 1, IPv6: 0, 最小延迟: 1615 ms, 最高速率: 0.05 M/s, 平均速率: 0.00 M/s, 最高分辨率: 1920x1080
分类: ☘️高清频道, 名称: 黑龙江卫视HD, 有效: 0, IPv4: 1, IPv6: 0, 最小延迟: 846 ms, 最高速率: 0.02 M/s, 平均速率: 0.00 M/s, 最高分辨率: 1920x1080
分类: ☘️高清频道, 名称: 湖北生活HD, 有效: 0, IPv4: 1, IPv6: 0, 最小延迟: -1 ms, 最高速率: 0.00 M/s, 平均速率: 0.00 M/s, 最高分辨率: 1920x1080
分类: ☘️高清频道, 名称: 湖北教育HD, 有效: 0, IPv4: 1, IPv6: 0, 最小延迟: 573 ms, 最高速率: 0.04 M/s, 平均速率: 0.00 M/s, 最高分辨率: 1920x1080
分类: ☘️高清频道, 名称: 湖北公共新闻HD, 有效: 0, IPv4: 1, IPv6: 0, 最小延迟: 603 ms, 最高速率: 0.00 M/s, 平均速率: 0.00 M/s, 最高分辨率: 1920x1080
分类: ☘️高清频道, 名称: 湖北垄上HD, 有效: 0, IPv4: 1, IPv6: 0, 最小延迟: 584 ms, 最高速率: 0.05 M/s, 平均速率: 0.00 M/s, 最高分辨率: 1920x1080
分类: ☘️高清频道, 名称: 湖北经视HD, 有效: 0, IPv4: 1, IPv6: 0, 最小延迟: 550 ms, 最高速率: 0.05 M/s, 平均速率: 0.00 M/s, 最高分辨率: 1920x1080
分类: ☘️高清频道, 名称: 吉林卫视HD, 有效: 0, IPv4: 1, IPv6: 0, 最小延迟: -1 ms, 最高速率: 0.00 M/s, 平均速率: 0.00 M/s, 最高分辨率: 1920x1080
分类: ☘️高清频道, 名称: 江苏卫视4K, 有效: 0, IPv4: 1, IPv6: 0, 最小延迟: -1 ms, 最高速率: 0.00 M/s, 平均速率: 0.00 M/s, 最高分辨率: None
分类: ☘️高清频道, 名称: 湖北卫视HD, 有效: 0, IPv4: 1, IPv6: 0, 最小延迟: 562 ms, 最高速率: 0.12 M/s, 平均速率: 0.00 M/s, 最高分辨率: 1920x1080
分类: ☘️高清频道, 名称: 湖北综合HD, 有效: 0, IPv4: 1, IPv6: 0, 最小延迟: 539 ms, 最高速率: 0.02 M/s, 平均速率: 0.00 M/s, 最高分辨率: 1920x1080
分类: ☘️高清频道, 名称: 湖北影视HD, 有效: 0, IPv4: 1, IPv6: 0, 最小延迟: 623 ms, 最高速率: 0.07 M/s, 平均速率: 0.00 M/s, 最高分辨率: 1920x1080
分类: ☘️高清频道, 名称: 金色学堂HD, 有效: 0, IPv4: 1, IPv6: 0, 最小延迟: -1 ms, 最高速率: 0.00 M/s, 平均速率: 0.00 M/s, 最高分辨率: 1920x1080
分类: ☘️高清频道, 名称: 江西卫视HD, 有效: 0, IPv4: 1, IPv6: 0, 最小延迟: 563 ms, 最高速率: 0.13 M/s, 平均速率: 0.00 M/s, 最高分辨率: 1920x1080
分类: ☘️高清频道, 名称: 九屏导视HD, 有效: 0, IPv4: 1, IPv6: 0, 最小延迟: 588 ms, 最高速率: 0.04 M/s, 平均速率: 0.00 M/s, 最高分辨率: 1920x1080
分类: ☘️高清频道, 名称: 乐游HD, 有效: 0, IPv4: 1, IPv6: 0, 最小延迟: 583 ms, 最高速率: 0.14 M/s, 平均速率: 0.00 M/s, 最高分辨率: 1920x1080
分类: ☘️高清频道, 名称: 江苏卫视HD, 有效: 0, IPv4: 1, IPv6: 0, 最小延迟: 563 ms, 最高速率: 0.09 M/s, 平均速率: 0.00 M/s, 最高分辨率: 1920x1080
分类: ☘️高清频道, 名称: 梨园频道HD, 有效: 0, IPv4: 1, IPv6: 0, 最小延迟: 569 ms, 最高速率: 0.08 M/s, 平均速率: 0.00 M/s, 最高分辨率: 1920x1080
分类: ☘️高清频道, 名称: 欢笑剧场4K, 有效: 0, IPv4: 1, IPv6: 0, 最小延迟: 602 ms, 最高速率: 0.05 M/s, 平均速率: 0.00 M/s, 最高分辨率: None
分类: ☘️高清频道, 名称: 辽宁卫视HD, 有效: 0, IPv4: 1, IPv6: 0, 最小延迟: 1583 ms, 最高速率: 0.03 M/s, 平均速率: 0.00 M/s, 最高分辨率: 1920x1080
分类: ☘️高清频道, 名称: 宁夏卫视HD, 有效: 0, IPv4: 1, IPv6: 0, 最小延迟: 528 ms, 最高速率: 0.03 M/s, 平均速率: 0.00 M/s, 最高分辨率: 1920x1080
分类: ☘️高清频道, 名称: 旅游卫视HD, 有效: 0, IPv4: 1, IPv6: 0, 最小延迟: 586 ms, 最高速率: 0.18 M/s, 平均速率: 0.00 M/s, 最高分辨率: 1920x1080
分类: ☘️高清频道, 名称: 金鹰纪实HD, 有效: 0, IPv4: 1, IPv6: 0, 最小延迟: -1 ms, 最高速率: 0.00 M/s, 平均速率: 0.00 M/s, 最高分辨率: 1920x1080
分类: ☘️高清频道, 名称: 深圳卫视4K, 有效: 0, IPv4: 1, IPv6: 0, 最小延迟: -1 ms, 最高速率: 0.00 M/s, 平均速率: 0.00 M/s, 最高分辨率: 3840x2160
分类: ☘️高清频道, 名称: 快乐垂钓HD, 有效: 0, IPv4: 1, IPv6: 0, 最小延迟: 1236 ms, 最高速率: 0.00 M/s, 平均速率: 0.00 M/s, 最高分辨率: 1920x1080
分类: ☘️高清频道, 名称: 青海卫视HD, 有效: 0, IPv4: 1, IPv6: 0, 最小延迟: 668 ms, 最高速率: 0.03 M/s, 平均速率: 0.00 M/s, 最高分辨率: 1920x1080
分类: ☘️高清频道, 名称: 山东卫视HD, 有效: 0, IPv4: 1, IPv6: 0, 最小延迟: 1560 ms, 最高速率: 0.05 M/s, 平均速率: 0.00 M/s, 最高分辨率: 1920x1080
分类: ☘️高清频道, 名称: 山东卫视4K, 有效: 0, IPv4: 1, IPv6: 0, 最小延迟: 899 ms, 最高速率: 0.13 M/s, 平均速率: 0.00 M/s, 最高分辨率: None
分类: ☘️高清频道, 名称: 深圳卫视HD, 有效: 0, IPv4: 1, IPv6: 0, 最小延迟: 1635 ms, 最高速率: 0.09 M/s, 平均速率: 0.00 M/s, 最高分辨率: 1920x1080
分类: ☘️高清频道, 名称: 文物宝库HD, 有效: 0, IPv4: 1, IPv6: 0, 最小延迟: -1 ms, 最高速率: 0.00 M/s, 平均速率: 0.00 M/s, 最高分辨率: None
分类: ☘️高清频道, 名称: 四海钓鱼HD, 有效: 0, IPv4: 1, IPv6: 0, 最小延迟: 1615 ms, 最高速率: 0.01 M/s, 平均速率: 0.00 M/s, 最高分辨率: 1920x1080
分类: ☘️高清频道, 名称: 天津卫视HD, 有效: 0, IPv4: 1, IPv6: 0, 最小延迟: 581 ms, 最高速率: 0.21 M/s, 平均速率: 0.00 M/s, 最高分辨率: 1920x1080
分类: ☘️高清频道, 名称: 生活时尚HD, 有效: 0, IPv4: 1, IPv6: 0, 最小延迟: -1 ms, 最高速率: 0.00 M/s, 平均速率: 0.00 M/s, 最高分辨率: 1920x1080
分类: ☘️高清频道, 名称: 武汉教育HD, 有效: 0, IPv4: 1, IPv6: 0, 最小延迟: 1646 ms, 最高速率: 0.11 M/s, 平均速率: 0.00 M/s, 最高分辨率: 1920x1080
分类: ☘️高清频道, 名称: 武汉电视剧HD, 有效: 0, IPv4: 1, IPv6: 0, 最小延迟: -1 ms, 最高速率: 0.00 M/s, 平均速率: 0.00 M/s, 最高分辨率: 1920x1080
分类: ☘️高清频道, 名称: 武汉综合HD, 有效: 0, IPv4: 1, IPv6: 0, 最小延迟: 599 ms, 最高速率: 0.02 M/s, 平均速率: 0.00 M/s, 最高分辨率: 1920x1080
分类: ☘️高清频道, 名称: 新疆卫视HD, 有效: 0, IPv4: 1, IPv6: 0, 最小延迟: 518 ms, 最高速率: 0.05 M/s, 平均速率: 0.00 M/s, 最高分辨率: 1920x1080
分类: ☘️高清频道, 名称: 武汉科技生活HD, 有效: 0, IPv4: 1, IPv6: 0, 最小延迟: 611 ms, 最高速率: 0.04 M/s, 平均速率: 0.00 M/s, 最高分辨率: 1920x1080
分类: ☘️高清频道, 名称: 阳新综合HD, 有效: 0, IPv4: 1, IPv6: 0, 最小延迟: 562 ms, 最高速率: 0.00 M/s, 平均速率: 0.00 M/s, 最高分辨率: 1920x1080
分类: ☘️高清频道, 名称: 西藏卫视HD, 有效: 0, IPv4: 1, IPv6: 0, 最小延迟: 545 ms, 最高速率: 0.07 M/s, 平均速率: 0.00 M/s, 最高分辨率: 1920x1080
分类: ☘️高清频道, 名称: 浙江卫视4K, 有效: 0, IPv4: 1, IPv6: 0, 最小延迟: 615 ms, 最高速率: 0.17 M/s, 平均速率: 0.00 M/s, 最高分辨率: 3840x2160
分类: ☘️高清频道, 名称: 重庆卫视HD, 有效: 0, IPv4: 1, IPv6: 0, 最小延迟: -1 ms, 最高速率: 0.00 M/s, 平均速率: 0.00 M/s, 最高分辨率: None
分类: ☘️高清频道, 名称: 浙江卫视HD, 有效: 0, IPv4: 1, IPv6: 0, 最小延迟: 1650 ms, 最高速率: 0.05 M/s, 平均速率: 0.00 M/s, 最高分辨率: 1920x1080
分类: ☘️高清频道, 名称: 云南卫视HD, 有效: 0, IPv4: 1, IPv6: 0, 最小延迟: -1 ms, 最高速率: 0.00 M/s, 平均速率: 0.00 M/s, 最高分辨率: None
